<?xml version="1.0"?>
<testsuites>
  <testsuite name="PhantomJS 1.9.7 (Mac OS X)" package="" timestamp="2014-07-30T05:44:18" id="0" hostname="Martins-MacBook-Pro.local" tests="7" errors="0" failures="0" time="0.038">
    <properties>
      <property name="browser.fullName" value="Mozilla/5.0 (Macintosh; Intel Mac OS X) AppleWebKit/534.34 (KHTML, like Gecko) PhantomJS/1.9.7 Safari/534.34"/>
    </properties>
    <testcase name="Init module failed" time="0.016" classname="PhantomJS 1.9.7 (Mac OS X).main BookController"/>
    <testcase name="do empty search" time="0.004" classname="PhantomJS 1.9.7 (Mac OS X).main BookController"/>
    <testcase name="do isbn search - update existing" time="0.003" classname="PhantomJS 1.9.7 (Mac OS X).main BookController"/>
    <testcase name="do isbn search - add new" time="0.005" classname="PhantomJS 1.9.7 (Mac OS X).main BookController"/>
    <testcase name="Init module failed" time="0.002" classname="PhantomJS 1.9.7 (Mac OS X).main GoogleBookService"/>
    <testcase name="do empty search" time="0.005" classname="PhantomJS 1.9.7 (Mac OS X).main GoogleBookService"/>
    <testcase name="do isbn search" time="0.003" classname="PhantomJS 1.9.7 (Mac OS X).main GoogleBookService"/>
    <system-out><![CDATA[PhantomJS 1.9.7 (Mac OS X) LOG: LOG
 'Loading settings from local storage',PhantomJS 1.9.7 (Mac OS X) LOG: LOG
 'Loading settings from local storage',PhantomJS 1.9.7 (Mac OS X) LOG: LOG
 'Loading settings from local storage',PhantomJS 1.9.7 (Mac OS X) LOG: LOG
 'Loading settings from local storage',PhantomJS 1.9.7 (Mac OS X) LOG: LOG
 'Loading settings from local storage',PhantomJS 1.9.7 (Mac OS X) LOG: LOG
 'Loading settings from local storage',PhantomJS 1.9.7 (Mac OS X) LOG: LOG
 'Start searching with criteria: {"isbn":"9783898646123"}',PhantomJS 1.9.7 (Mac OS X) LOG: LOG
 'Got valid service response',PhantomJS 1.9.7 (Mac OS X) LOG: LOG
 'Loading settings from local storage',PhantomJS 1.9.7 (Mac OS X) LOG: LOG
 'Loading settings from local storage',PhantomJS 1.9.7 (Mac OS X) LOG: LOG
 'Start searching with criteria: {"isbn":"9783898646123"}',PhantomJS 1.9.7 (Mac OS X) LOG: LOG
 'Got valid service response',PhantomJS 1.9.7 (Mac OS X) LOG: LOG
 'Loading settings from local storage',PhantomJS 1.9.7 (Mac OS X) LOG: LOG
 'Converting convertCodeToIsbn: 9783898646123',PhantomJS 1.9.7 (Mac OS X) LOG: LOG
 'Converted convertCodeToIsbn: 3898646122',PhantomJS 1.9.7 (Mac OS X) LOG: LOG
 'Reading book data for ISBN 3898646122',PhantomJS 1.9.7 (Mac OS X) LOG: LOG
 'Reading book data with google books url: https://www.googleapis.com/books/v1/volumes/?q=:isbn=3898646122&projection=full&key=undefined',PhantomJS 1.9.7 (Mac OS X) LOG: LOG
 'Got valid book data.',PhantomJS 1.9.7 (Mac OS X) LOG: LOG
 'Converting convertCodeToIsbn: 9783898646123',PhantomJS 1.9.7 (Mac OS X) LOG: LOG
 'Converted convertCodeToIsbn: 3898646122',PhantomJS 1.9.7 (Mac OS X) LOG: LOG
 'Received book RAW data: {"books":null}',PhantomJS 1.9.7 (Mac OS X) LOG: LOG
 'Received no results.',PhantomJS 1.9.7 (Mac OS X) LOG: LOG
 'Loading settings from local storage',PhantomJS 1.9.7 (Mac OS X) LOG: LOG
 'Converting convertCodeToIsbn: 9783898646123',PhantomJS 1.9.7 (Mac OS X) LOG: LOG
 'Converted convertCodeToIsbn: 3898646122',PhantomJS 1.9.7 (Mac OS X) LOG: LOG
 'Reading book data for ISBN 3898646122',PhantomJS 1.9.7 (Mac OS X) LOG: LOG
 'Reading book data with google books url: https://www.googleapis.com/books/v1/volumes/?q=:isbn=3898646122&projection=full&key=undefined',PhantomJS 1.9.7 (Mac OS X) LOG: LOG
 'Got valid book data.',PhantomJS 1.9.7 (Mac OS X) LOG: LOG
 'Converting convertCodeToIsbn: 9783898646123',PhantomJS 1.9.7 (Mac OS X) LOG: LOG
 'Converted convertCodeToIsbn: 3898646122',PhantomJS 1.9.7 (Mac OS X) LOG: LOG
 'Received book RAW data: {"books":[{"kind":"books#volumes","totalItems":77,"items":[{"kind":"books#volume","id":"lwz8ZwEACAAJ","etag":"b3Rk7DgfRR8","selfLink":"https://www.googleapis.com/books/v1/volumes/lwz8ZwEACAAJ","volumeInfo":{"title":"EJB 3.1 professionell","subtitle":"Grundlagen- und Expertenwissen zu Enterprise JavaBeans 3.1 - inkl. JPA 2.0","publishedDate":"2011","industryIdentifiers":[{"type":"ISBN_10","identifier":"3898646122"},{"type":"ISBN_13","identifier":"9783898646123"}],"readingModes":{"text":false,"image":false},"pageCount":592,"printType":"BOOK","contentVersion":"preview-1.0.0","language":"de","previewLink":"http://books.google.de/books?id=lwz8ZwEACAAJ&dq=:isbn%3D3898646122&hl=&cd=1&source=gbs_api","infoLink":"http://books.google.de/books?id=lwz8ZwEACAAJ&dq=:isbn%3D3898646122&hl=&source=gbs_api","canonicalVolumeLink":"http://books.google.de/books/about/EJB_3_1_professionell.html?hl=&id=lwz8ZwEACAAJ"},"saleInfo":{"country":"DE","saleability":"NOT_FOR_SALE","isEbook":false},"accessInfo":{"country":"DE","viewability":"NO_PAGES","embeddable":false,"publicDomain":false,"textToSpeechPermission":"ALLOWED","epub":{"isAvailable":false},"pdf":{"isAvailable":false},"webReaderLink":"http://books.google.de/books/reader?id=lwz8ZwEACAAJ&hl=&printsec=frontcover&output=reader&source=gbs_api","accessViewStatus":"NONE","quoteSharingAllowed":false}}]}]}',PhantomJS 1.9.7 (Mac OS X) LOG: LOG
 'Received no results.'
]]></system-out>
    <system-err/>
  </testsuite>
</testsuites>
